\subsection *{Exercise 5.1\hskip 1em\relax  [Diagnositic]}
\begin {enumerate}
\item 
This is the answer to the first question.
\item 
This is the answer to the second question.
\item 
\begin {enumerate}
\item 
This is the answer to the first part of the third question.
\item 
This is the answer to the second part of the third question.
\end {enumerate}
\end {enumerate}
\subsection *{Exercise 5.2\hskip 1em\relax  [Formative]}
\begin {enumerate}
\item 
A.
\item 
B.
\end {enumerate}
\subsection *{Exercise 5.3\hskip 1em\relax }
\begin {enumerate}
\item 
Amser prynnu cloc.
\end {enumerate}
