\subsection *{Exercise 1.1\hskip 1em\relax }
\begin {enumerate}
\item 
\item 
\end {enumerate}
\subsection *{Exercise 2.1\hskip 1em\relax }
\begin {enumerate}
\item 
\begin {enumerate}
\item 
\item 
\item 
\item 
\end {enumerate}
\item 
\begin {enumerate}
\item 
\item 
\end {enumerate}
\end {enumerate}
\subsection *{Exercise 3.1\hskip 1em\relax }
\begin {enumerate}
\item 
\item 
\item 
\begin {enumerate}
\item 
\item 
\end {enumerate}
\item 
\begin {enumerate}
\item 
\item 
\end {enumerate}
\end {enumerate}
\subsection *{Exercise 4.1\hskip 1em\relax }
\begin {enumerate}
\item 
\begin {enumerate}
\item 
\item 
\item 
\item 
\end {enumerate}
\item 
\begin {enumerate}
\item 
\item 
\item 
\item 
\item 
\item 
\end {enumerate}
\item 
\begin {enumerate}
\item 
\item 
\end {enumerate}
\item 
\item 
\begin {enumerate}
\item 
\item 
\end {enumerate}
\end {enumerate}
\subsection *{Exercise 5.1\hskip 1em\relax }
\begin {enumerate}
\item 
\item 
\item 
\item 
\begin {enumerate}
\item 
\item 
\end {enumerate}
\item 
\end {enumerate}
\subsection *{Exercise 6.1\hskip 1em\relax }
\begin {enumerate}
\item 
\item 
\item 
\item 
\end {enumerate}
\subsection *{Exercise 8.1\hskip 1em\relax }
\begin {enumerate}
\item 
\begin {enumerate}
\item 
\item 
\item 
\end {enumerate}
\item 
\item 
\begin {enumerate}
\item 
\item 
\item 
\item 
\item 
\end {enumerate}
\item 
\item 
\item 
\begin {enumerate}
\item 
\item 
\item 
\end {enumerate}
\item 
\end {enumerate}
\subsection *{Exercise 9.1\hskip 1em\relax }
\begin {enumerate}
\item 
\item 
\item 
\item 
\begin {enumerate}
\item 
\item 
\item 
\end {enumerate}
\end {enumerate}
\subsection *{Exercise 10.1\hskip 1em\relax }
\begin {enumerate}
\item 
\begin {enumerate}
\item 
\item 
\item 
\end {enumerate}
\item 
\begin {enumerate}
\item 
\item 
\item 
\end {enumerate}
\item 
\begin {enumerate}
\item 
\item 
\item 
\end {enumerate}
\item 
\end {enumerate}
\subsection *{Exercise 11.1\hskip 1em\relax }
\begin {enumerate}
\item 
\item 
\item 
\item 
\item 
\item 
\item 
\end {enumerate}
\subsection *{Exercise 12.1\hskip 1em\relax }
\begin {enumerate}
\item 
\item 
\begin {enumerate}
\item 
\item 
\end {enumerate}
\item 
\begin {enumerate}
\item 
\item 
\item 
\end {enumerate}
\item 
\begin {enumerate}
\item 
\item 
\item 
\item 
\end {enumerate}
\end {enumerate}
\subsection *{Exercise 13.1\hskip 1em\relax }
\begin {enumerate}
\item 
\end {enumerate}
\subsection *{Exercise 14.1\hskip 1em\relax }
\begin {enumerate}
\item 
\begin {enumerate}
\item 
\item 
\end {enumerate}
\item 
\begin {enumerate}
\item 
\item 
\item 
\item 
\item 
\begin {enumerate}
\item 
\item 
\item 
\end {enumerate}
\item 
\item 
\end {enumerate}
\item 
\item 
\begin {enumerate}
\item 
\item 
\begin {enumerate}
\item 
\item 
\item 
\end {enumerate}
\item 
\end {enumerate}
\end {enumerate}
\subsection *{Exercise 15.1\hskip 1em\relax }
\begin {enumerate}
\item 
\item 
\begin {enumerate}
\item 
\item 
\end {enumerate}
\end {enumerate}
\subsection *{Exercise 16.1\hskip 1em\relax }
\begin {enumerate}
\item 
\begin {enumerate}
\item 
\item 
\end {enumerate}
\item 
\begin {enumerate}
\item 
\item 
\item 
\item 
\end {enumerate}
\item 
\item 
\begin {enumerate}
\item 
\item 
\item 
\end {enumerate}
\item 
\begin {enumerate}
\item 
\item 
\item 
\end {enumerate}
\item 
\end {enumerate}
\subsection *{Exercise 17.1\hskip 1em\relax }
\begin {enumerate}
\item 
\begin {enumerate}
\item 
\item 
\end {enumerate}
\item 
\begin {enumerate}
\item 
\item 
\item 
\item 
\end {enumerate}
\item 
\begin {enumerate}
\item 
\item 
\item 
\item 
\end {enumerate}
\item 
\begin {enumerate}
\item 
\item 
\item 
\end {enumerate}
\item 
\item 
\item 
\begin {enumerate}
\item 
\item 
\end {enumerate}
\end {enumerate}
\subsection *{Exercise 18.1\hskip 1em\relax }
\begin {enumerate}
\item 
\item 
\item 
\item 
\item 
\item 
\item 
\end {enumerate}
\subsection *{Exercise 19.1\hskip 1em\relax }
\begin {enumerate}
\item 
\item 
\item 
\end {enumerate}
\subsection *{Exercise 20.1\hskip 1em\relax }
\begin {enumerate}
\item 
\item 
\end {enumerate}
